[2022-10-18 13:10:33] [INFO] [REGISTRY] Загружено 1 EOH
[2022-10-18 13:26:16] [INFO] [REGISTRY] Добавлен EOH #1 (EOH #1)
[2022-10-18 13:36:14] [INFO] [REGISTRY] Обновлен EOH #1
[2022-10-18 15:10:44] [INFO] [REGISTRY] Загружено 1 EOH
[2022-10-18 15:38:06] [INFO] [MAIN] Выход из программы
[2022-10-18 18:47:56] [INFO] [REGISTRY] Загружено 1 EOH
[2022-10-18 20:30:07] [INFO] [REGISTRY] Добавлен EOH #1 (EOH #1)
[2022-10-18 20:39:21] [INFO] [MAIN] Выход из программы
[2022-10-18 22:26:13] [INFO] [REGISTRY] Загружено 0 EOH
[2022-10-19 02:21:07] [INFO] [REGISTRY] Загружено 0 EOH
[2022-10-19 02:34:01] [INFO] [REGISTRY] Добавлен EOH #1 (1)
[2022-10-19 02:49:37] [INFO] [REGISTRY] Обновлен EOH #1
[2022-10-19 06:51:07] [INFO] [REGISTRY] Обновлен EOH #1
[2022-10-19 10:38:38] [INFO] [REGISTRY] Загружено 1 EOH
[2022-10-19 11:12:50] [INFO] [REGISTRY] Добавлен EOH #1 (1)
[2022-10-19 11:28:48] [INFO] [REGISTRY] Обновлен EOH #1
[2022-10-19 14:36:18] [INFO] [REGISTRY] Загружено 1 EOH
[2022-10-20 01:53:13] [INFO] [REGISTRY] Загружено 1 EOH
[2022-10-20 04:24:25] [INFO] [REGISTRY] Загружено 1 EOH
[2022-10-20 04:28:12] [INFO] [REGISTRY] Загружено 1 EOH
[2022-10-20 06:37:58] [INFO] [MAIN] Выход из программы
[2022-10-20 06:45:14] [INFO] [REGISTRY] Загружено 1 EOH
[2022-10-20 06:49:15] [INFO] [MAIN] Выход из программы
[2022-10-20 11:36:36] [INFO] [REGISTRY] Загружено 1 EOH
[2022-10-20 14:53:06] [INFO] [REGISTRY] Загружено 1 EOH
[2022-10-20 20:19:12] [INFO] [REGISTRY] Загружено 1 EOH
[2022-10-21 18:26:02] [INFO] [REGISTRY] Загружено 1 EOH
[2022-10-21 18:46:30] [INFO] [REGISTRY] Добавлен EOH #1 (T6)
[2022-10-21 19:26:16] [INFO] [REGISTRY] Обновлен EOH #1
[2022-10-21 19:51:03] [INFO] [REGISTRY] Загружено 1 EOH
[2022-10-22 02:31:48] [INFO] [REGISTRY] Загружено 1 EOH
[2022-10-22 03:25:26] [INFO] [REGISTRY] Добавлен EOH #1 (EOH #1)
[2022-10-22 03:26:20] [INFO] [REGISTRY] Обновлен EOH #1
[2022-10-22 03:55:26] [INFO] [REGISTRY] Добавлен EOH #1 (!)
[2022-10-22 08:00:03] [INFO] [REGISTRY] Добавлен EOH #1 (T7)
[2022-10-22 08:29:27] [INFO] [REGISTRY] Обновлен EOH #1
[2022-10-22 16:00:28] [INFO] [REGISTRY] Загружено 1 EOH
[2022-10-23 02:42:57] [INFO] [MAIN] Выход из программы
[2022-10-23 02:51:36] [INFO] [REGISTRY] Загружено 1 EOH
[2022-10-23 05:13:44] [INFO] [REGISTRY] Добавлен EOH #2 (EOH #2)
[2022-10-23 07:43:55] [INFO] [REGISTRY] Загружено 2 EOH
[2022-10-23 07:57:43] [INFO] [REGISTRY] Загружено 2 EOH
[2022-10-23 08:11:34] [INFO] [REGISTRY] Загружено 2 EOH
[2022-10-23 08:25:26] [INFO] [REGISTRY] Загружено 2 EOH
[2022-10-23 08:39:18] [INFO] [REGISTRY] Загружено 2 EOH
[2022-10-24 00:27:39] [INFO] [REGISTRY] Загружено 1 EOH
[2022-10-24 02:03:46] [INFO] [REGISTRY] Добавлен EOH #2 (EOH #2)
[2022-10-24 03:28:19] [INFO] [REGISTRY] Обновлен EOH #1
[2022-10-24 06:16:04] [INFO] [MAIN] Выход из программы
